Archive member included because of file (symbol)

c:/program files/gnu tools arm embedded/4.9 2015q2/bin/../lib/gcc/arm-none-eabi/4.9.3/armv6-m\libgcc.a(_udivsi3.o)
                              ..\obj\stm32f0xx_rcc.o (__aeabi_uidiv)
c:/program files/gnu tools arm embedded/4.9 2015q2/bin/../lib/gcc/arm-none-eabi/4.9.3/armv6-m\libgcc.a(_divsi3.o)
                              ..\obj\temperature.o (__aeabi_idiv)
c:/program files/gnu tools arm embedded/4.9 2015q2/bin/../lib/gcc/arm-none-eabi/4.9.3/armv6-m\libgcc.a(_dvmd_tls.o)
                              c:/program files/gnu tools arm embedded/4.9 2015q2/bin/../lib/gcc/arm-none-eabi/4.9.3/armv6-m\libgcc.a(_udivsi3.o) (__aeabi_idiv0)

Allocating common symbols
Common symbol       size              file

u16_comms_intrvl_tmr
                    0x2               ..\obj\main.o
u8_UART1_rx_rp      0x1               ..\obj\main.o
u16a_adc_buf        0x10              ..\obj\main.o
u8_comms_tick_f     0x1               ..\obj\main.o
u8a_USART1_tx_buf   0xff              ..\obj\main.o
s16_cell_temperature
                    0x2               ..\obj\main.o
u8_hardware_type    0x1               ..\obj\main.o
u16_UART1_tx_wp     0x2               ..\obj\main.o
u16_watchdog_word   0x2               ..\obj\main.o
u8a_USART1_rx_buf   0xa               ..\obj\main.o
u8_alarm_state      0x1               ..\obj\main.o
u8_sys_tick_f       0x1               ..\obj\main.o
u16_mean_cell_mv    0x2               ..\obj\main.o
u8_sleep_not_stop   0x1               ..\obj\main.o
u16_cell_voltage    0x2               ..\obj\main.o
u8_ms_per_tick      0x1               ..\obj\main.o
u8_UART1_rx_wp      0x1               ..\obj\main.o
u16_tick_cntr       0x2               ..\obj\main.o
u8_msg_type         0x1               ..\obj\main.o
u8_load_state       0x1               ..\obj\main.o
u8_comms_mode       0x1               ..\obj\main.o

Discarded input sections

 .text          0x00000000        0x0 ..\obj\stm32f0xx_rcc.o
 .bss           0x00000000        0x0 ..\obj\stm32f0xx_rcc.o
 .text.RCC_DeInit
                0x00000000       0x60 ..\obj\stm32f0xx_rcc.o
 .text.RCC_AdjustHSICalibrationValue
                0x00000000       0x14 ..\obj\stm32f0xx_rcc.o
 .text.RCC_HSICmd
                0x00000000       0x20 ..\obj\stm32f0xx_rcc.o
 .text.RCC_AdjustHSI14CalibrationValue
                0x00000000       0x14 ..\obj\stm32f0xx_rcc.o
 .text.RCC_HSI14Cmd
                0x00000000       0x20 ..\obj\stm32f0xx_rcc.o
 .text.RCC_HSI14ADCRequestCmd
                0x00000000       0x20 ..\obj\stm32f0xx_rcc.o
 .text.RCC_LSEDriveConfig
                0x00000000       0x18 ..\obj\stm32f0xx_rcc.o
 .text.RCC_PLLConfig
                0x00000000       0x20 ..\obj\stm32f0xx_rcc.o
 .text.RCC_PLLCmd
                0x00000000       0x28 ..\obj\stm32f0xx_rcc.o
 .text.RCC_PREDIV1Config
                0x00000000       0x14 ..\obj\stm32f0xx_rcc.o
 .text.RCC_ClockSecuritySystemCmd
                0x00000000       0x28 ..\obj\stm32f0xx_rcc.o
 .text.RCC_MCOConfig
                0x00000000       0x1c ..\obj\stm32f0xx_rcc.o
 .text.RCC_SYSCLKConfig
                0x00000000       0x14 ..\obj\stm32f0xx_rcc.o
 .text.RCC_GetSYSCLKSource
                0x00000000       0x10 ..\obj\stm32f0xx_rcc.o
 .text.RCC_HCLKConfig
                0x00000000       0x14 ..\obj\stm32f0xx_rcc.o
 .text.RCC_PCLKConfig
                0x00000000       0x18 ..\obj\stm32f0xx_rcc.o
 .text.RCC_ADCCLKConfig
                0x00000000       0x34 ..\obj\stm32f0xx_rcc.o
 .text.RCC_CECCLKConfig
                0x00000000       0x18 ..\obj\stm32f0xx_rcc.o
 .text.RCC_I2CCLKConfig
                0x00000000       0x18 ..\obj\stm32f0xx_rcc.o
 .text.RCC_BackupResetCmd
                0x00000000       0x28 ..\obj\stm32f0xx_rcc.o
 .text.RCC_AHBPeriphResetCmd
                0x00000000       0x1c ..\obj\stm32f0xx_rcc.o
 .text.RCC_ITConfig
                0x00000000       0x1c ..\obj\stm32f0xx_rcc.o
 .text.RCC_WaitForHSEStartUp
                0x00000000       0x34 ..\obj\stm32f0xx_rcc.o
 .text.RCC_ClearFlag
                0x00000000       0x14 ..\obj\stm32f0xx_rcc.o
 .text.RCC_GetITStatus
                0x00000000       0x14 ..\obj\stm32f0xx_rcc.o
 .text.RCC_ClearITPendingBit
                0x00000000        0xc ..\obj\stm32f0xx_rcc.o
 .text          0x00000000        0x0 ..\obj\stm32f0xx_adc.o
 .data          0x00000000        0x0 ..\obj\stm32f0xx_adc.o
 .bss           0x00000000        0x0 ..\obj\stm32f0xx_adc.o
 .text.ADC_JitterCmd
                0x00000000       0x14 ..\obj\stm32f0xx_adc.o
 .text.ADC_AutoPowerOffCmd
                0x00000000       0x20 ..\obj\stm32f0xx_adc.o
 .text.ADC_WaitModeCmd
                0x00000000       0x20 ..\obj\stm32f0xx_adc.o
 .text.ADC_AnalogWatchdogCmd
                0x00000000       0x20 ..\obj\stm32f0xx_adc.o
 .text.ADC_AnalogWatchdogThresholdsConfig
                0x00000000        0x8 ..\obj\stm32f0xx_adc.o
 .text.ADC_AnalogWatchdogSingleChannelConfig
                0x00000000       0x10 ..\obj\stm32f0xx_adc.o
 .text.ADC_AnalogWatchdogSingleChannelCmd
                0x00000000       0x20 ..\obj\stm32f0xx_adc.o
 .text.ADC_TempSensorCmd
                0x00000000       0x28 ..\obj\stm32f0xx_adc.o
 .text.ADC_VrefintCmd
                0x00000000       0x28 ..\obj\stm32f0xx_adc.o
 .text.ADC_VbatCmd
                0x00000000       0x28 ..\obj\stm32f0xx_adc.o
 .text.ADC_ContinuousModeCmd
                0x00000000       0x20 ..\obj\stm32f0xx_adc.o
 .text.ADC_DiscModeCmd
                0x00000000       0x20 ..\obj\stm32f0xx_adc.o
 .text.ADC_OverrunModeCmd
                0x00000000       0x20 ..\obj\stm32f0xx_adc.o
 .text.ADC_StopOfConversion
                0x00000000        0xc ..\obj\stm32f0xx_adc.o
 .text.ADC_GetConversionValue
                0x00000000        0x8 ..\obj\stm32f0xx_adc.o
 .text.ADC_ITConfig
                0x00000000       0x14 ..\obj\stm32f0xx_adc.o
 .text.ADC_ClearFlag
                0x00000000        0x4 ..\obj\stm32f0xx_adc.o
 .text.ADC_GetITStatus
                0x00000000       0x14 ..\obj\stm32f0xx_adc.o
 .text.ADC_ClearITPendingBit
                0x00000000        0x4 ..\obj\stm32f0xx_adc.o
 .text          0x00000000        0x0 ..\obj\fec.o
 .data          0x00000000        0x0 ..\obj\fec.o
 .text          0x00000000        0x0 ..\obj\stm32f0xx_iwdg.o
 .data          0x00000000        0x0 ..\obj\stm32f0xx_iwdg.o
 .bss           0x00000000        0x0 ..\obj\stm32f0xx_iwdg.o
 .text.IWDG_SetWindowValue
                0x00000000        0xc ..\obj\stm32f0xx_iwdg.o
 .text.IWDG_GetFlagStatus
                0x00000000       0x14 ..\obj\stm32f0xx_iwdg.o
 .text          0x00000000        0x0 ..\obj\temperature.o
 .bss           0x00000000        0x0 ..\obj\temperature.o
 .text          0x00000000        0x0 ..\obj\main.o
 .data          0x00000000        0x0 ..\obj\main.o
 .bss           0x00000000        0x0 ..\obj\main.o
 rom1           0x00000000        0x2 ..\obj\main.o
 .text          0x00000000       0x14 ..\obj\startup_stm32f0xx.o
 .data          0x00000000        0x0 ..\obj\startup_stm32f0xx.o
 .bss           0x00000000        0x0 ..\obj\startup_stm32f0xx.o
 .text          0x00000000        0x0 ..\obj\stm32f0xx_dma.o
 .data          0x00000000        0x0 ..\obj\stm32f0xx_dma.o
 .bss           0x00000000        0x0 ..\obj\stm32f0xx_dma.o
 .text.DMA_SetCurrDataCounter
                0x00000000        0x4 ..\obj\stm32f0xx_dma.o
 .text.DMA_GetCurrDataCounter
                0x00000000        0x8 ..\obj\stm32f0xx_dma.o
 .text.DMA_GetFlagStatus
                0x00000000       0x14 ..\obj\stm32f0xx_dma.o
 .text          0x00000000        0x0 ..\obj\stm32f0xx_i2c.o
 .data          0x00000000        0x0 ..\obj\stm32f0xx_i2c.o
 .bss           0x00000000        0x0 ..\obj\stm32f0xx_i2c.o
 .text.I2C_DeInit
                0x00000000       0x38 ..\obj\stm32f0xx_i2c.o
 .text.I2C_Init
                0x00000000       0x64 ..\obj\stm32f0xx_i2c.o
 .text.I2C_StructInit
                0x00000000       0x18 ..\obj\stm32f0xx_i2c.o
 .text.I2C_Cmd  0x00000000       0x18 ..\obj\stm32f0xx_i2c.o
 .text.I2C_SoftwareResetCmd
                0x00000000       0x14 ..\obj\stm32f0xx_i2c.o
 .text.I2C_ITConfig
                0x00000000       0x14 ..\obj\stm32f0xx_i2c.o
 .text.I2C_StretchClockCmd
                0x00000000       0x20 ..\obj\stm32f0xx_i2c.o
 .text.I2C_StopModeCmd
                0x00000000       0x20 ..\obj\stm32f0xx_i2c.o
 .text.I2C_DualAddressCmd
                0x00000000       0x20 ..\obj\stm32f0xx_i2c.o
 .text.I2C_OwnAddress2Config
                0x00000000       0x24 ..\obj\stm32f0xx_i2c.o
 .text.I2C_GeneralCallCmd
                0x00000000       0x20 ..\obj\stm32f0xx_i2c.o
 .text.I2C_SlaveByteControlCmd
                0x00000000       0x20 ..\obj\stm32f0xx_i2c.o
 .text.I2C_SlaveAddressConfig
                0x00000000       0x10 ..\obj\stm32f0xx_i2c.o
 .text.I2C_10BitAddressingModeCmd
                0x00000000       0x20 ..\obj\stm32f0xx_i2c.o
 .text.I2C_AutoEndCmd
                0x00000000       0x20 ..\obj\stm32f0xx_i2c.o
 .text.I2C_ReloadCmd
                0x00000000       0x20 ..\obj\stm32f0xx_i2c.o
 .text.I2C_NumberOfBytesConfig
                0x00000000       0x14 ..\obj\stm32f0xx_i2c.o
 .text.I2C_MasterRequestConfig
                0x00000000       0x20 ..\obj\stm32f0xx_i2c.o
 .text.I2C_GenerateSTART
                0x00000000       0x20 ..\obj\stm32f0xx_i2c.o
 .text.I2C_GenerateSTOP
                0x00000000       0x20 ..\obj\stm32f0xx_i2c.o
 .text.I2C_10BitAddressHeaderCmd
                0x00000000       0x20 ..\obj\stm32f0xx_i2c.o
 .text.I2C_AcknowledgeConfig
                0x00000000       0x20 ..\obj\stm32f0xx_i2c.o
 .text.I2C_GetAddressMatched
                0x00000000        0xc ..\obj\stm32f0xx_i2c.o
 .text.I2C_GetTransferDirection
                0x00000000        0xc ..\obj\stm32f0xx_i2c.o
 .text.I2C_TransferHandling
                0x00000000       0x20 ..\obj\stm32f0xx_i2c.o
 .text.I2C_SMBusAlertCmd
                0x00000000       0x20 ..\obj\stm32f0xx_i2c.o
 .text.I2C_ClockTimeoutCmd
                0x00000000       0x20 ..\obj\stm32f0xx_i2c.o
 .text.I2C_ExtendedClockTimeoutCmd
                0x00000000       0x1c ..\obj\stm32f0xx_i2c.o
 .text.I2C_IdleClockTimeoutCmd
                0x00000000       0x20 ..\obj\stm32f0xx_i2c.o
 .text.I2C_TimeoutAConfig
                0x00000000       0x10 ..\obj\stm32f0xx_i2c.o
 .text.I2C_TimeoutBConfig
                0x00000000       0x1c ..\obj\stm32f0xx_i2c.o
 .text.I2C_CalculatePEC
                0x00000000       0x20 ..\obj\stm32f0xx_i2c.o
 .text.I2C_PECRequestCmd
                0x00000000       0x20 ..\obj\stm32f0xx_i2c.o
 .text.I2C_GetPEC
                0x00000000        0x8 ..\obj\stm32f0xx_i2c.o
 .text.I2C_ReadRegister
                0x00000000       0x18 ..\obj\stm32f0xx_i2c.o
 .text.I2C_SendData
                0x00000000        0x4 ..\obj\stm32f0xx_i2c.o
 .text.I2C_ReceiveData
                0x00000000        0x8 ..\obj\stm32f0xx_i2c.o
 .text.I2C_DMACmd
                0x00000000       0x14 ..\obj\stm32f0xx_i2c.o
 .text.I2C_GetFlagStatus
                0x00000000        0xc ..\obj\stm32f0xx_i2c.o
 .text.I2C_ClearFlag
                0x00000000        0x4 ..\obj\stm32f0xx_i2c.o
 .text.I2C_GetITStatus
                0x00000000       0x34 ..\obj\stm32f0xx_i2c.o
 .text.I2C_ClearITPendingBit
                0x00000000        0x4 ..\obj\stm32f0xx_i2c.o
 .debug_info    0x00000000      0xc10 ..\obj\stm32f0xx_i2c.o
 .debug_abbrev  0x00000000      0x1ad ..\obj\stm32f0xx_i2c.o
 .debug_loc     0x00000000      0x5fd ..\obj\stm32f0xx_i2c.o
 .debug_aranges
                0x00000000      0x168 ..\obj\stm32f0xx_i2c.o
 .debug_ranges  0x00000000      0x158 ..\obj\stm32f0xx_i2c.o
 .debug_line    0x00000000      0x589 ..\obj\stm32f0xx_i2c.o
 .debug_str     0x00000000      0x664 ..\obj\stm32f0xx_i2c.o
 .comment       0x00000000       0x71 ..\obj\stm32f0xx_i2c.o
 .debug_frame   0x00000000      0x2d8 ..\obj\stm32f0xx_i2c.o
 .ARM.attributes
                0x00000000       0x31 ..\obj\stm32f0xx_i2c.o
 .text          0x00000000        0x0 ..\obj\system_stm32f0xx_temp.o
 .bss           0x00000000        0x0 ..\obj\system_stm32f0xx_temp.o
 .text.SystemCoreClockUpdate1
                0x00000000       0x8c ..\obj\system_stm32f0xx_temp.o
 .text          0x00000000        0x0 ..\obj\stm32f0xx_gpio.o
 .data          0x00000000        0x0 ..\obj\stm32f0xx_gpio.o
 .bss           0x00000000        0x0 ..\obj\stm32f0xx_gpio.o
 .text.GPIO_DeInit
                0x00000000       0xa0 ..\obj\stm32f0xx_gpio.o
 .text.GPIO_StructInit
                0x00000000       0x18 ..\obj\stm32f0xx_gpio.o
 .text.GPIO_PinLockConfig
                0x00000000       0x24 ..\obj\stm32f0xx_gpio.o
 .text.GPIO_ReadInputDataBit
                0x00000000        0xc ..\obj\stm32f0xx_gpio.o
 .text.GPIO_ReadInputData
                0x00000000        0x8 ..\obj\stm32f0xx_gpio.o
 .text.GPIO_ReadOutputDataBit
                0x00000000        0xc ..\obj\stm32f0xx_gpio.o
 .text.GPIO_ReadOutputData
                0x00000000        0x8 ..\obj\stm32f0xx_gpio.o
 .text.GPIO_SetBits
                0x00000000        0x4 ..\obj\stm32f0xx_gpio.o
 .text.GPIO_ResetBits
                0x00000000        0x4 ..\obj\stm32f0xx_gpio.o
 .text.GPIO_Write
                0x00000000        0x4 ..\obj\stm32f0xx_gpio.o
 .text          0x00000000        0x0 ..\obj\stm32f0xx_rtc.o
 .data          0x00000000        0x0 ..\obj\stm32f0xx_rtc.o
 .bss           0x00000000        0x0 ..\obj\stm32f0xx_rtc.o
 .text.RTC_Bcd2ToByte
                0x00000000       0x14 ..\obj\stm32f0xx_rtc.o
 .text.RTC_StructInit
                0x00000000       0x10 ..\obj\stm32f0xx_rtc.o
 .text.RTC_WriteProtectionCmd
                0x00000000       0x1c ..\obj\stm32f0xx_rtc.o
 .text.RTC_DeInit
                0x00000000       0x54 ..\obj\stm32f0xx_rtc.o
 .text.RTC_RefClockCmd
                0x00000000       0x48 ..\obj\stm32f0xx_rtc.o
 .text.RTC_BypassShadowCmd
                0x00000000       0x30 ..\obj\stm32f0xx_rtc.o
 .text.RTC_TimeStructInit
                0x00000000        0xc ..\obj\stm32f0xx_rtc.o
 .text.RTC_GetTime
                0x00000000       0x48 ..\obj\stm32f0xx_rtc.o
 .text.RTC_GetSubSecond
                0x00000000        0xc ..\obj\stm32f0xx_rtc.o
 .text.RTC_SetDate
                0x00000000       0x9c ..\obj\stm32f0xx_rtc.o
 .text.RTC_DateStructInit
                0x00000000       0x10 ..\obj\stm32f0xx_rtc.o
 .text.RTC_GetDate
                0x00000000       0x44 ..\obj\stm32f0xx_rtc.o
 .text.RTC_AlarmStructInit
                0x00000000       0x14 ..\obj\stm32f0xx_rtc.o
 .text.RTC_GetAlarm
                0x00000000       0x78 ..\obj\stm32f0xx_rtc.o
 .text.RTC_AlarmSubSecondConfig
                0x00000000       0x1c ..\obj\stm32f0xx_rtc.o
 .text.RTC_GetAlarmSubSecond
                0x00000000       0x10 ..\obj\stm32f0xx_rtc.o
 .text.RTC_DayLightSavingConfig
                0x00000000       0x2c ..\obj\stm32f0xx_rtc.o
 .text.RTC_GetStoreOperation
                0x00000000       0x10 ..\obj\stm32f0xx_rtc.o
 .text.RTC_OutputConfig
                0x00000000       0x2c ..\obj\stm32f0xx_rtc.o
 .text.RTC_CalibOutputCmd
                0x00000000       0x38 ..\obj\stm32f0xx_rtc.o
 .text.RTC_CalibOutputConfig
                0x00000000       0x28 ..\obj\stm32f0xx_rtc.o
 .text.RTC_SmoothCalibConfig
                0x00000000       0x54 ..\obj\stm32f0xx_rtc.o
 .text.RTC_TimeStampCmd
                0x00000000       0x34 ..\obj\stm32f0xx_rtc.o
 .text.RTC_GetTimeStamp
                0x00000000       0x78 ..\obj\stm32f0xx_rtc.o
 .text.RTC_GetTimeStampSubSecond
                0x00000000        0xc ..\obj\stm32f0xx_rtc.o
 .text.RTC_TamperTriggerConfig
                0x00000000       0x20 ..\obj\stm32f0xx_rtc.o
 .text.RTC_TamperCmd
                0x00000000       0x1c ..\obj\stm32f0xx_rtc.o
 .text.RTC_TamperFilterConfig
                0x00000000       0x1c ..\obj\stm32f0xx_rtc.o
 .text.RTC_TamperSamplingFreqConfig
                0x00000000       0x1c ..\obj\stm32f0xx_rtc.o
 .text.RTC_TamperPinsPrechargeDuration
                0x00000000       0x1c ..\obj\stm32f0xx_rtc.o
 .text.RTC_TimeStampOnTamperDetectionCmd
                0x00000000       0x20 ..\obj\stm32f0xx_rtc.o
 .text.RTC_TamperPullUpCmd
                0x00000000       0x28 ..\obj\stm32f0xx_rtc.o
 .text.RTC_WriteBackupRegister
                0x00000000       0x20 ..\obj\stm32f0xx_rtc.o
 .text.RTC_ReadBackupRegister
                0x00000000       0x20 ..\obj\stm32f0xx_rtc.o
 .text.RTC_OutputTypeConfig
                0x00000000       0x1c ..\obj\stm32f0xx_rtc.o
 .text.RTC_SynchroShiftConfig
                0x00000000       0x60 ..\obj\stm32f0xx_rtc.o
 .text.RTC_GetFlagStatus
                0x00000000       0x1c ..\obj\stm32f0xx_rtc.o
 .text.RTC_ClearFlag
                0x00000000       0x20 ..\obj\stm32f0xx_rtc.o
 .text          0x00000000        0x0 ..\obj\stm32f0xx_usart.o
 .data          0x00000000        0x0 ..\obj\stm32f0xx_usart.o
 .bss           0x00000000        0x0 ..\obj\stm32f0xx_usart.o
 .text.USART_DeInit
                0x00000000       0x44 ..\obj\stm32f0xx_usart.o
 .text.USART_StructInit
                0x00000000       0x18 ..\obj\stm32f0xx_usart.o
 .text.USART_ClockInit
                0x00000000       0x20 ..\obj\stm32f0xx_usart.o
 .text.USART_ClockStructInit
                0x00000000        0xc ..\obj\stm32f0xx_usart.o
 .text.USART_DirectionModeCmd
                0x00000000       0x14 ..\obj\stm32f0xx_usart.o
 .text.USART_OverSampling8Cmd
                0x00000000       0x20 ..\obj\stm32f0xx_usart.o
 .text.USART_OneBitMethodCmd
                0x00000000       0x20 ..\obj\stm32f0xx_usart.o
 .text.USART_MSBFirstCmd
                0x00000000       0x20 ..\obj\stm32f0xx_usart.o
 .text.USART_DataInvCmd
                0x00000000       0x20 ..\obj\stm32f0xx_usart.o
 .text.USART_SWAPPinCmd
                0x00000000       0x20 ..\obj\stm32f0xx_usart.o
 .text.USART_ReceiverTimeOutCmd
                0x00000000       0x20 ..\obj\stm32f0xx_usart.o
 .text.USART_SetReceiverTimeOut
                0x00000000       0x10 ..\obj\stm32f0xx_usart.o
 .text.USART_SetPrescaler
                0x00000000       0x10 ..\obj\stm32f0xx_usart.o
 .text.USART_STOPModeCmd
                0x00000000       0x18 ..\obj\stm32f0xx_usart.o
 .text.USART_StopModeWakeUpSourceConfig
                0x00000000       0x14 ..\obj\stm32f0xx_usart.o
 .text.USART_AutoBaudRateCmd
                0x00000000       0x20 ..\obj\stm32f0xx_usart.o
 .text.USART_AutoBaudRateConfig
                0x00000000       0x14 ..\obj\stm32f0xx_usart.o
 .text.USART_SendData
                0x00000000        0x8 ..\obj\stm32f0xx_usart.o
 .text.USART_SetAddress
                0x00000000       0x14 ..\obj\stm32f0xx_usart.o
 .text.USART_MuteModeCmd
                0x00000000       0x20 ..\obj\stm32f0xx_usart.o
 .text.USART_MuteModeWakeUpConfig
                0x00000000       0x14 ..\obj\stm32f0xx_usart.o
 .text.USART_AddressDetectionConfig
                0x00000000       0x10 ..\obj\stm32f0xx_usart.o
 .text.USART_LINBreakDetectLengthConfig
                0x00000000       0x10 ..\obj\stm32f0xx_usart.o
 .text.USART_LINCmd
                0x00000000       0x20 ..\obj\stm32f0xx_usart.o
 .text.USART_HalfDuplexCmd
                0x00000000       0x18 ..\obj\stm32f0xx_usart.o
 .text.USART_SetGuardTime
                0x00000000       0x14 ..\obj\stm32f0xx_usart.o
 .text.USART_SmartCardCmd
                0x00000000       0x18 ..\obj\stm32f0xx_usart.o
 .text.USART_SmartCardNACKCmd
                0x00000000       0x18 ..\obj\stm32f0xx_usart.o
 .text.USART_SetAutoRetryCount
                0x00000000       0x18 ..\obj\stm32f0xx_usart.o
 .text.USART_SetBlockLength
                0x00000000       0x14 ..\obj\stm32f0xx_usart.o
 .text.USART_IrDAConfig
                0x00000000       0x10 ..\obj\stm32f0xx_usart.o
 .text.USART_IrDACmd
                0x00000000       0x18 ..\obj\stm32f0xx_usart.o
 .text.USART_DECmd
                0x00000000       0x20 ..\obj\stm32f0xx_usart.o
 .text.USART_DEPolarityConfig
                0x00000000       0x14 ..\obj\stm32f0xx_usart.o
 .text.USART_SetDEAssertionTime
                0x00000000       0x18 ..\obj\stm32f0xx_usart.o
 .text.USART_SetDEDeassertionTime
                0x00000000       0x18 ..\obj\stm32f0xx_usart.o
 .text.USART_DMAReceptionErrorConfig
                0x00000000       0x14 ..\obj\stm32f0xx_usart.o
 .text.USART_RequestCmd
                0x00000000       0x18 ..\obj\stm32f0xx_usart.o
 .text.USART_OverrunDetectionConfig
                0x00000000       0x14 ..\obj\stm32f0xx_usart.o
 .text.USART_GetFlagStatus
                0x00000000        0xc ..\obj\stm32f0xx_usart.o
 .text          0x00000000        0x0 ..\obj\stm32f0xx_tim.o
 .data          0x00000000        0x0 ..\obj\stm32f0xx_tim.o
 .bss           0x00000000        0x0 ..\obj\stm32f0xx_tim.o
 .text.TI1_Config
                0x00000000       0x2c ..\obj\stm32f0xx_tim.o
 .text.TI2_Config
                0x00000000       0x38 ..\obj\stm32f0xx_tim.o
 .text.TIM_PrescalerConfig
                0x00000000        0x8 ..\obj\stm32f0xx_tim.o
 .text.TIM_CounterModeConfig
                0x00000000        0xc ..\obj\stm32f0xx_tim.o
 .text.TIM_SetAutoreload
                0x00000000        0x4 ..\obj\stm32f0xx_tim.o
 .text.TIM_GetCounter
                0x00000000        0x4 ..\obj\stm32f0xx_tim.o
 .text.TIM_GetPrescaler
                0x00000000        0x8 ..\obj\stm32f0xx_tim.o
 .text.TIM_UpdateDisableConfig
                0x00000000       0x18 ..\obj\stm32f0xx_tim.o
 .text.TIM_UpdateRequestConfig
                0x00000000       0x18 ..\obj\stm32f0xx_tim.o
 .text.TIM_ARRPreloadConfig
                0x00000000       0x18 ..\obj\stm32f0xx_tim.o
 .text.TIM_SelectOnePulseMode
                0x00000000       0x10 ..\obj\stm32f0xx_tim.o
 .text.TIM_SetClockDivision
                0x00000000       0x14 ..\obj\stm32f0xx_tim.o
 .text.TIM_BDTRConfig
                0x00000000       0x20 ..\obj\stm32f0xx_tim.o
 .text.TIM_BDTRStructInit
                0x00000000       0x14 ..\obj\stm32f0xx_tim.o
 .text.TIM_CtrlPWMOutputs
                0x00000000       0x20 ..\obj\stm32f0xx_tim.o
 .text.TIM_OC2Init
                0x00000000       0xa0 ..\obj\stm32f0xx_tim.o
 .text.TIM_OC3Init
                0x00000000       0x84 ..\obj\stm32f0xx_tim.o
 .text.TIM_OC4Init
                0x00000000       0x64 ..\obj\stm32f0xx_tim.o
 .text.TIM_SelectOCxM
                0x00000000       0x4c ..\obj\stm32f0xx_tim.o
 .text.TIM_SetCompare2
                0x00000000        0x4 ..\obj\stm32f0xx_tim.o
 .text.TIM_SetCompare3
                0x00000000        0x4 ..\obj\stm32f0xx_tim.o
 .text.TIM_SetCompare4
                0x00000000        0x4 ..\obj\stm32f0xx_tim.o
 .text.TIM_ForcedOC1Config
                0x00000000        0xc ..\obj\stm32f0xx_tim.o
 .text.TIM_ForcedOC2Config
                0x00000000       0x14 ..\obj\stm32f0xx_tim.o
 .text.TIM_ForcedOC3Config
                0x00000000        0xc ..\obj\stm32f0xx_tim.o
 .text.TIM_ForcedOC4Config
                0x00000000       0x14 ..\obj\stm32f0xx_tim.o
 .text.TIM_CCPreloadControl
                0x00000000       0x18 ..\obj\stm32f0xx_tim.o
 .text.TIM_OC1PreloadConfig
                0x00000000        0xc ..\obj\stm32f0xx_tim.o
 .text.TIM_OC2PreloadConfig
                0x00000000       0x14 ..\obj\stm32f0xx_tim.o
 .text.TIM_OC3PreloadConfig
                0x00000000        0xc ..\obj\stm32f0xx_tim.o
 .text.TIM_OC4PreloadConfig
                0x00000000       0x14 ..\obj\stm32f0xx_tim.o
 .text.TIM_OC1FastConfig
                0x00000000        0xc ..\obj\stm32f0xx_tim.o
 .text.TIM_OC2FastConfig
                0x00000000       0x14 ..\obj\stm32f0xx_tim.o
 .text.TIM_OC3FastConfig
                0x00000000        0xc ..\obj\stm32f0xx_tim.o
 .text.TIM_OC4FastConfig
                0x00000000       0x14 ..\obj\stm32f0xx_tim.o
 .text.TIM_ClearOC1Ref
                0x00000000        0xc ..\obj\stm32f0xx_tim.o
 .text.TIM_ClearOC2Ref
                0x00000000       0x10 ..\obj\stm32f0xx_tim.o
 .text.TIM_ClearOC3Ref
                0x00000000        0xc ..\obj\stm32f0xx_tim.o
 .text.TIM_ClearOC4Ref
                0x00000000       0x10 ..\obj\stm32f0xx_tim.o
 .text.TIM_OC1PolarityConfig
                0x00000000        0xc ..\obj\stm32f0xx_tim.o
 .text.TIM_OC1NPolarityConfig
                0x00000000        0xc ..\obj\stm32f0xx_tim.o
 .text.TIM_OC2PolarityConfig
                0x00000000       0x10 ..\obj\stm32f0xx_tim.o
 .text.TIM_OC2NPolarityConfig
                0x00000000       0x10 ..\obj\stm32f0xx_tim.o
 .text.TIM_OC3PolarityConfig
                0x00000000       0x14 ..\obj\stm32f0xx_tim.o
 .text.TIM_OC3NPolarityConfig
                0x00000000       0x14 ..\obj\stm32f0xx_tim.o
 .text.TIM_OC4PolarityConfig
                0x00000000       0x14 ..\obj\stm32f0xx_tim.o
 .text.TIM_SelectOCREFClear
                0x00000000       0x10 ..\obj\stm32f0xx_tim.o
 .text.TIM_CCxCmd
                0x00000000       0x18 ..\obj\stm32f0xx_tim.o
 .text.TIM_CCxNCmd
                0x00000000       0x18 ..\obj\stm32f0xx_tim.o
 .text.TIM_SelectCOM
                0x00000000       0x18 ..\obj\stm32f0xx_tim.o
 .text.TIM_ICStructInit
                0x00000000       0x10 ..\obj\stm32f0xx_tim.o
 .text.TIM_GetCapture1
                0x00000000        0x4 ..\obj\stm32f0xx_tim.o
 .text.TIM_GetCapture2
                0x00000000        0x4 ..\obj\stm32f0xx_tim.o
 .text.TIM_GetCapture3
                0x00000000        0x4 ..\obj\stm32f0xx_tim.o
 .text.TIM_GetCapture4
                0x00000000        0x4 ..\obj\stm32f0xx_tim.o
 .text.TIM_SetIC1Prescaler
                0x00000000       0x10 ..\obj\stm32f0xx_tim.o
 .text.TIM_SetIC2Prescaler
                0x00000000       0x18 ..\obj\stm32f0xx_tim.o
 .text.TIM_PWMIConfig
                0x00000000       0x68 ..\obj\stm32f0xx_tim.o
 .text.TIM_SetIC3Prescaler
                0x00000000       0x10 ..\obj\stm32f0xx_tim.o
 .text.TIM_SetIC4Prescaler
                0x00000000       0x18 ..\obj\stm32f0xx_tim.o
 .text.TIM_ICInit
                0x00000000       0xd0 ..\obj\stm32f0xx_tim.o
 .text.TIM_GenerateEvent
                0x00000000        0x4 ..\obj\stm32f0xx_tim.o
 .text.TIM_GetFlagStatus
                0x00000000        0xc ..\obj\stm32f0xx_tim.o
 .text.TIM_ClearFlag
                0x00000000        0x8 ..\obj\stm32f0xx_tim.o
 .text.TIM_GetITStatus
                0x00000000       0x18 ..\obj\stm32f0xx_tim.o
 .text.TIM_DMAConfig
                0x00000000        0x8 ..\obj\stm32f0xx_tim.o
 .text.TIM_DMACmd
                0x00000000       0x14 ..\obj\stm32f0xx_tim.o
 .text.TIM_SelectCCDMA
                0x00000000       0x18 ..\obj\stm32f0xx_tim.o
 .text.TIM_InternalClockConfig
                0x00000000        0xc ..\obj\stm32f0xx_tim.o
 .text.TIM_ITRxExternalClockConfig
                0x00000000       0x14 ..\obj\stm32f0xx_tim.o
 .text.TIM_TIxExternalClockConfig
                0x00000000       0x30 ..\obj\stm32f0xx_tim.o
 .text.TIM_SelectInputTrigger
                0x00000000        0xc ..\obj\stm32f0xx_tim.o
 .text.TIM_SelectOutputTrigger
                0x00000000       0x10 ..\obj\stm32f0xx_tim.o
 .text.TIM_SelectSlaveMode
                0x00000000       0x10 ..\obj\stm32f0xx_tim.o
 .text.TIM_SelectMasterSlaveMode
                0x00000000       0x10 ..\obj\stm32f0xx_tim.o
 .text.TIM_ETRConfig
                0x00000000       0x18 ..\obj\stm32f0xx_tim.o
 .text.TIM_ETRClockMode1Config
                0x00000000       0x14 ..\obj\stm32f0xx_tim.o
 .text.TIM_ETRClockMode2Config
                0x00000000       0x14 ..\obj\stm32f0xx_tim.o
 .text.TIM_EncoderInterfaceConfig
                0x00000000       0x30 ..\obj\stm32f0xx_tim.o
 .text.TIM_SelectHallSensor
                0x00000000       0x18 ..\obj\stm32f0xx_tim.o
 .text.TIM_RemapConfig
                0x00000000        0x8 ..\obj\stm32f0xx_tim.o
 .text          0x00000000        0x0 ..\obj\stm32f0xx_exti.o
 .data          0x00000000        0x0 ..\obj\stm32f0xx_exti.o
 .bss           0x00000000        0x0 ..\obj\stm32f0xx_exti.o
 .text.EXTI_DeInit
                0x00000000       0x20 ..\obj\stm32f0xx_exti.o
 .text.EXTI_StructInit
                0x00000000       0x10 ..\obj\stm32f0xx_exti.o
 .text.EXTI_GenerateSWInterrupt
                0x00000000       0x10 ..\obj\stm32f0xx_exti.o
 .text.EXTI_GetFlagStatus
                0x00000000       0x14 ..\obj\stm32f0xx_exti.o
 .text.EXTI_ClearFlag
                0x00000000        0xc ..\obj\stm32f0xx_exti.o
 .text          0x00000000        0x0 ..\obj\stm32f0xx_pwr.o
 .data          0x00000000        0x0 ..\obj\stm32f0xx_pwr.o
 .bss           0x00000000        0x0 ..\obj\stm32f0xx_pwr.o
 .text.PWR_DeInit
                0x00000000       0x18 ..\obj\stm32f0xx_pwr.o
 .text.PWR_PVDLevelConfig
                0x00000000       0x14 ..\obj\stm32f0xx_pwr.o
 .text.PWR_PVDCmd
                0x00000000       0x20 ..\obj\stm32f0xx_pwr.o
 .text.PWR_WakeUpPinCmd
                0x00000000       0x1c ..\obj\stm32f0xx_pwr.o
 .text.PWR_EnterSTANDBYMode
                0x00000000       0x28 ..\obj\stm32f0xx_pwr.o
 .text.PWR_GetFlagStatus
                0x00000000       0x14 ..\obj\stm32f0xx_pwr.o
 .text.PWR_ClearFlag
                0x00000000       0x10 ..\obj\stm32f0xx_pwr.o
 .text          0x00000000        0x0 ..\obj\stm32f0xx_misc.o
 .data          0x00000000        0x0 ..\obj\stm32f0xx_misc.o
 .bss           0x00000000        0x0 ..\obj\stm32f0xx_misc.o
 .text.NVIC_SystemLPConfig
                0x00000000       0x1c ..\obj\stm32f0xx_misc.o
 .text.SysTick_CLKSourceConfig
                0x00000000       0x20 ..\obj\stm32f0xx_misc.o
 .data          0x00000000        0x0 c:/program files/gnu tools arm embedded/4.9 2015q2/bin/../lib/gcc/arm-none-eabi/4.9.3/armv6-m\libgcc.a(_udivsi3.o)
 .bss           0x00000000        0x0 c:/program files/gnu tools arm embedded/4.9 2015q2/bin/../lib/gcc/arm-none-eabi/4.9.3/armv6-m\libgcc.a(_udivsi3.o)
 .data          0x00000000        0x0 c:/program files/gnu tools arm embedded/4.9 2015q2/bin/../lib/gcc/arm-none-eabi/4.9.3/armv6-m\libgcc.a(_divsi3.o)
 .bss           0x00000000        0x0 c:/program files/gnu tools arm embedded/4.9 2015q2/bin/../lib/gcc/arm-none-eabi/4.9.3/armv6-m\libgcc.a(_divsi3.o)
 .data          0x00000000        0x0 c:/program files/gnu tools arm embedded/4.9 2015q2/bin/../lib/gcc/arm-none-eabi/4.9.3/armv6-m\libgcc.a(_dvmd_tls.o)
 .bss           0x00000000        0x0 c:/program files/gnu tools arm embedded/4.9 2015q2/bin/../lib/gcc/arm-none-eabi/4.9.3/armv6-m\libgcc.a(_dvmd_tls.o)

Memory Configuration

Name             Origin             Length             Attributes
rom              0x08000000         0x00003c00         xr
rom1             0x08003c00         0x00000400         xr
ram              0x20000000         0x00001000         xrw
*default*        0x00000000         0xffffffff

Linker script and memory map

                0x20001000                _eram = 0x20001000

.text           0x08000000     0x2244
 *(.isr_vector)
 .isr_vector    0x08000000       0xc4 ..\obj\startup_stm32f0xx.o
                0x08000000                g_pfnVectors
 *(.text*)
 .text.RCC_HSEConfig
                0x080000c4       0x10 ..\obj\stm32f0xx_rcc.o
                0x080000c4                RCC_HSEConfig
 .text.RCC_LSEConfig
                0x080000d4       0x20 ..\obj\stm32f0xx_rcc.o
                0x080000d4                RCC_LSEConfig
 .text.RCC_LSICmd
                0x080000f4       0x20 ..\obj\stm32f0xx_rcc.o
                0x080000f4                RCC_LSICmd
 .text.RCC_USARTCLKConfig
                0x08000114       0x18 ..\obj\stm32f0xx_rcc.o
                0x08000114                RCC_USARTCLKConfig
 .text.RCC_GetClocksFreq
                0x0800012c      0x118 ..\obj\stm32f0xx_rcc.o
                0x0800012c                RCC_GetClocksFreq
 .text.RCC_RTCCLKConfig
                0x08000244       0x10 ..\obj\stm32f0xx_rcc.o
                0x08000244                RCC_RTCCLKConfig
 .text.RCC_RTCCLKCmd
                0x08000254       0x28 ..\obj\stm32f0xx_rcc.o
                0x08000254                RCC_RTCCLKCmd
 .text.RCC_AHBPeriphClockCmd
                0x0800027c       0x1c ..\obj\stm32f0xx_rcc.o
                0x0800027c                RCC_AHBPeriphClockCmd
 .text.RCC_APB2PeriphClockCmd
                0x08000298       0x1c ..\obj\stm32f0xx_rcc.o
                0x08000298                RCC_APB2PeriphClockCmd
 .text.RCC_APB1PeriphClockCmd
                0x080002b4       0x1c ..\obj\stm32f0xx_rcc.o
                0x080002b4                RCC_APB1PeriphClockCmd
 .text.RCC_APB2PeriphResetCmd
                0x080002d0       0x1c ..\obj\stm32f0xx_rcc.o
                0x080002d0                RCC_APB2PeriphResetCmd
 .text.RCC_APB1PeriphResetCmd
                0x080002ec       0x1c ..\obj\stm32f0xx_rcc.o
                0x080002ec                RCC_APB1PeriphResetCmd
 .text.RCC_GetFlagStatus
                0x08000308       0x34 ..\obj\stm32f0xx_rcc.o
                0x08000308                RCC_GetFlagStatus
 .text.ADC_DeInit
                0x0800033c       0x24 ..\obj\stm32f0xx_adc.o
                0x0800033c                ADC_DeInit
 .text.ADC_Init
                0x08000360       0x2c ..\obj\stm32f0xx_adc.o
                0x08000360                ADC_Init
 .text.ADC_StructInit
                0x0800038c       0x10 ..\obj\stm32f0xx_adc.o
                0x0800038c                ADC_StructInit
 .text.ADC_Cmd  0x0800039c       0x18 ..\obj\stm32f0xx_adc.o
                0x0800039c                ADC_Cmd
 .text.ADC_ChannelConfig
                0x080003b4        0xc ..\obj\stm32f0xx_adc.o
                0x080003b4                ADC_ChannelConfig
 .text.ADC_GetCalibrationFactor
                0x080003c0       0x38 ..\obj\stm32f0xx_adc.o
                0x080003c0                ADC_GetCalibrationFactor
 .text.ADC_StartOfConversion
                0x080003f8        0xc ..\obj\stm32f0xx_adc.o
                0x080003f8                ADC_StartOfConversion
 .text.ADC_DMACmd
                0x08000404       0x18 ..\obj\stm32f0xx_adc.o
                0x08000404                ADC_DMACmd
 .text.ADC_DMARequestModeConfig
                0x0800041c       0x10 ..\obj\stm32f0xx_adc.o
                0x0800041c                ADC_DMARequestModeConfig
 .text.ADC_GetFlagStatus
                0x0800042c       0x1c ..\obj\stm32f0xx_adc.o
                0x0800042c                ADC_GetFlagStatus
 .text.fu8_fec_encode
                0x08000448       0xfc ..\obj\fec.o
                0x08000448                fu8_fec_encode
 .text.fv_fec_byte_decode
                0x08000544       0x44 ..\obj\fec.o
                0x08000544                fv_fec_byte_decode
 .text.fu8_fec_decode
                0x08000588      0x104 ..\obj\fec.o
                0x08000588                fu8_fec_decode
 .text.IWDG_WriteAccessCmd
                0x0800068c        0xc ..\obj\stm32f0xx_iwdg.o
                0x0800068c                IWDG_WriteAccessCmd
 .text.IWDG_SetPrescaler
                0x08000698        0xc ..\obj\stm32f0xx_iwdg.o
                0x08000698                IWDG_SetPrescaler
 .text.IWDG_SetReload
                0x080006a4        0xc ..\obj\stm32f0xx_iwdg.o
                0x080006a4                IWDG_SetReload
 .text.IWDG_ReloadCounter
                0x080006b0       0x10 ..\obj\stm32f0xx_iwdg.o
                0x080006b0                IWDG_ReloadCounter
 .text.IWDG_Enable
                0x080006c0       0x10 ..\obj\stm32f0xx_iwdg.o
                0x080006c0                IWDG_Enable
 .text.fs16_temperature_convert
                0x080006d0       0x78 ..\obj\temperature.o
                0x080006d0                fs16_temperature_convert
 .text.fv_show_LED
                0x08000748       0x2c ..\obj\main.o
 .text.fv_set_ADC
                0x08000774      0x10c ..\obj\main.o
 .text.fv_append_data
                0x08000880       0xfc ..\obj\main.o
 .text.fv_set_RTC
                0x0800097c       0xc8 ..\obj\main.o
 .text.fv_USART1_send
                0x08000a44       0x98 ..\obj\main.o
                0x08000a44                fv_USART1_send
 .text.main     0x08000adc      0x5c4 ..\obj\main.o
                0x08000adc                main
 .text.SysTick_Handler
                0x080010a0       0x24 ..\obj\main.o
                0x080010a0                SysTick_Handler
 .text.USART1_IRQHandler
                0x080010c4       0xd0 ..\obj\main.o
                0x080010c4                USART1_IRQHandler
 .text.RTC_IRQHandler
                0x08001194       0x40 ..\obj\main.o
                0x08001194                RTC_IRQHandler
 .text.DMA1_Channel1_IRQHandler
                0x080011d4       0x2c ..\obj\main.o
                0x080011d4                DMA1_Channel1_IRQHandler
 .text.EXTI0_1_IRQHandler
                0x08001200       0x14 ..\obj\main.o
                0x08001200                EXTI0_1_IRQHandler
 .text.EXTI2_3_IRQHandler
                0x08001214       0x30 ..\obj\main.o
                0x08001214                EXTI2_3_IRQHandler
 .text.TIM14_IRQHandler
                0x08001244       0x5c ..\obj\main.o
                0x08001244                TIM14_IRQHandler
 .text.DMA1_Channel2_3_IRQHandler
                0x080012a0       0x28 ..\obj\main.o
                0x080012a0                DMA1_Channel2_3_IRQHandler
 .text.Reset_Handler
                0x080012c8       0x4c ..\obj\startup_stm32f0xx.o
                0x080012c8                Reset_Handler
 .text.Default_Handler
                0x08001314        0x2 ..\obj\startup_stm32f0xx.o
                0x08001314                TIM1_CC_IRQHandler
                0x08001314                HardFault_Handler
                0x08001314                ADC1_COMP_IRQHandler
                0x08001314                PVD_IRQHandler
                0x08001314                PendSV_Handler
                0x08001314                NMI_Handler
                0x08001314                I2C1_IRQHandler
                0x08001314                SPI1_IRQHandler
                0x08001314                TIM6_DAC_IRQHandler
                0x08001314                I2C2_IRQHandler
                0x08001314                TIM17_IRQHandler
                0x08001314                TIM16_IRQHandler
                0x08001314                TIM3_IRQHandler
                0x08001314                EXTI4_15_IRQHandler
                0x08001314                RCC_IRQHandler
                0x08001314                Default_Handler
                0x08001314                CEC_IRQHandler
                0x08001314                DMA1_Channel4_5_IRQHandler
                0x08001314                TIM15_IRQHandler
                0x08001314                SPI2_IRQHandler
                0x08001314                SVC_Handler
                0x08001314                TS_IRQHandler
                0x08001314                WWDG_IRQHandler
                0x08001314                TIM2_IRQHandler
                0x08001314                USART2_IRQHandler
                0x08001314                FLASH_IRQHandler
                0x08001314                TIM1_BRK_UP_TRG_COM_IRQHandler
 *fill*         0x08001316        0x2 
 .text.DMA_DeInit
                0x08001318       0x90 ..\obj\stm32f0xx_dma.o
                0x08001318                DMA_DeInit
 .text.DMA_Init
                0x080013a8       0x3c ..\obj\stm32f0xx_dma.o
                0x080013a8                DMA_Init
 .text.DMA_StructInit
                0x080013e4       0x1c ..\obj\stm32f0xx_dma.o
                0x080013e4                DMA_StructInit
 .text.DMA_Cmd  0x08001400       0x1c ..\obj\stm32f0xx_dma.o
                0x08001400                DMA_Cmd
 .text.DMA_ITConfig
                0x0800141c       0x14 ..\obj\stm32f0xx_dma.o
                0x0800141c                DMA_ITConfig
 .text.DMA_ClearFlag
                0x08001430        0xc ..\obj\stm32f0xx_dma.o
                0x08001430                DMA_ClearFlag
 .text.DMA_GetITStatus
                0x0800143c       0x14 ..\obj\stm32f0xx_dma.o
                0x0800143c                DMA_GetITStatus
 .text.DMA_ClearITPendingBit
                0x08001450        0xc ..\obj\stm32f0xx_dma.o
                0x08001450                DMA_ClearITPendingBit
 .text.SetSysClock1
                0x0800145c       0x9c ..\obj\system_stm32f0xx_temp.o
                0x0800145c                SetSysClock
 .text.SystemInit1
                0x080014f8       0x64 ..\obj\system_stm32f0xx_temp.o
                0x080014f8                SystemInit
                0x080014f8                SystemInit1
 .text.GPIO_Init
                0x0800155c       0xa4 ..\obj\stm32f0xx_gpio.o
                0x0800155c                GPIO_Init
 .text.GPIO_WriteBit
                0x08001600        0xc ..\obj\stm32f0xx_gpio.o
                0x08001600                GPIO_WriteBit
 .text.GPIO_PinAFConfig
                0x0800160c       0x24 ..\obj\stm32f0xx_gpio.o
                0x0800160c                GPIO_PinAFConfig
 .text.RTC_ByteToBcd2
                0x08001630       0x20 ..\obj\stm32f0xx_rtc.o
 .text.RTC_EnterInitMode
                0x08001650       0x48 ..\obj\stm32f0xx_rtc.o
                0x08001650                RTC_EnterInitMode
 .text.RTC_ExitInitMode
                0x08001698       0x10 ..\obj\stm32f0xx_rtc.o
                0x08001698                RTC_ExitInitMode
 .text.RTC_Init
                0x080016a8       0x4c ..\obj\stm32f0xx_rtc.o
                0x080016a8                RTC_Init
 .text.RTC_WaitForSynchro
                0x080016f4       0x58 ..\obj\stm32f0xx_rtc.o
                0x080016f4                RTC_WaitForSynchro
 .text.RTC_SetTime
                0x0800174c       0xa8 ..\obj\stm32f0xx_rtc.o
                0x0800174c                RTC_SetTime
 .text.RTC_SetAlarm
                0x080017f4       0x9c ..\obj\stm32f0xx_rtc.o
                0x080017f4                RTC_SetAlarm
 .text.RTC_AlarmCmd
                0x08001890       0x64 ..\obj\stm32f0xx_rtc.o
                0x08001890                RTC_AlarmCmd
 .text.RTC_ITConfig
                0x080018f4       0x48 ..\obj\stm32f0xx_rtc.o
                0x080018f4                RTC_ITConfig
 .text.RTC_GetITStatus
                0x0800193c       0x38 ..\obj\stm32f0xx_rtc.o
                0x0800193c                RTC_GetITStatus
 .text.RTC_ClearITPendingBit
                0x08001974       0x20 ..\obj\stm32f0xx_rtc.o
                0x08001974                RTC_ClearITPendingBit
 .text.USART_Init
                0x08001994       0xc0 ..\obj\stm32f0xx_usart.o
                0x08001994                USART_Init
 .text.USART_Cmd
                0x08001a54       0x18 ..\obj\stm32f0xx_usart.o
                0x08001a54                USART_Cmd
 .text.USART_InvPinCmd
                0x08001a6c       0x14 ..\obj\stm32f0xx_usart.o
                0x08001a6c                USART_InvPinCmd
 .text.USART_ReceiveData
                0x08001a80        0x8 ..\obj\stm32f0xx_usart.o
                0x08001a80                USART_ReceiveData
 .text.USART_DMACmd
                0x08001a88       0x14 ..\obj\stm32f0xx_usart.o
                0x08001a88                USART_DMACmd
 .text.USART_ITConfig
                0x08001a9c       0x38 ..\obj\stm32f0xx_usart.o
                0x08001a9c                USART_ITConfig
 .text.USART_ClearFlag
                0x08001ad4        0x4 ..\obj\stm32f0xx_usart.o
                0x08001ad4                USART_ClearFlag
 .text.USART_GetITStatus
                0x08001ad8       0x44 ..\obj\stm32f0xx_usart.o
                0x08001ad8                USART_GetITStatus
 .text.USART_ClearITPendingBit
                0x08001b1c        0xc ..\obj\stm32f0xx_usart.o
                0x08001b1c                USART_ClearITPendingBit
 .text.TIM_DeInit
                0x08001b28       0xf4 ..\obj\stm32f0xx_tim.o
                0x08001b28                TIM_DeInit
 .text.TIM_TimeBaseInit
                0x08001c1c       0xa4 ..\obj\stm32f0xx_tim.o
                0x08001c1c                TIM_TimeBaseInit
 .text.TIM_TimeBaseStructInit
                0x08001cc0       0x14 ..\obj\stm32f0xx_tim.o
                0x08001cc0                TIM_TimeBaseStructInit
 .text.TIM_SetCounter
                0x08001cd4        0x4 ..\obj\stm32f0xx_tim.o
                0x08001cd4                TIM_SetCounter
 .text.TIM_Cmd  0x08001cd8       0x18 ..\obj\stm32f0xx_tim.o
                0x08001cd8                TIM_Cmd
 .text.TIM_OC1Init
                0x08001cf0       0x7c ..\obj\stm32f0xx_tim.o
                0x08001cf0                TIM_OC1Init
 .text.TIM_OCStructInit
                0x08001d6c       0x14 ..\obj\stm32f0xx_tim.o
                0x08001d6c                TIM_OCStructInit
 .text.TIM_SetCompare1
                0x08001d80        0x4 ..\obj\stm32f0xx_tim.o
                0x08001d80                TIM_SetCompare1
 .text.TIM_ITConfig
                0x08001d84       0x14 ..\obj\stm32f0xx_tim.o
                0x08001d84                TIM_ITConfig
 .text.TIM_ClearITPendingBit
                0x08001d98        0x8 ..\obj\stm32f0xx_tim.o
                0x08001d98                TIM_ClearITPendingBit
 .text.EXTI_Init
                0x08001da0       0x78 ..\obj\stm32f0xx_exti.o
                0x08001da0                EXTI_Init
 .text.EXTI_GetITStatus
                0x08001e18       0x14 ..\obj\stm32f0xx_exti.o
                0x08001e18                EXTI_GetITStatus
 .text.EXTI_ClearITPendingBit
                0x08001e2c        0xc ..\obj\stm32f0xx_exti.o
                0x08001e2c                EXTI_ClearITPendingBit
 .text.PWR_BackupAccessCmd
                0x08001e38       0x28 ..\obj\stm32f0xx_pwr.o
                0x08001e38                PWR_BackupAccessCmd
 .text.PWR_EnterSleepMode
                0x08001e60       0x1c ..\obj\stm32f0xx_pwr.o
                0x08001e60                PWR_EnterSleepMode
 .text.PWR_EnterSTOPMode
                0x08001e7c       0x38 ..\obj\stm32f0xx_pwr.o
                0x08001e7c                PWR_EnterSTOPMode
 .text.NVIC_Init
                0x08001eb4       0x60 ..\obj\stm32f0xx_misc.o
                0x08001eb4                NVIC_Init
 .text          0x08001f14      0x120 c:/program files/gnu tools arm embedded/4.9 2015q2/bin/../lib/gcc/arm-none-eabi/4.9.3/armv6-m\libgcc.a(_udivsi3.o)
                0x08001f14                __aeabi_uidiv
                0x08001f14                __udivsi3
                0x08002020                __aeabi_uidivmod
 .text          0x08002034      0x1e0 c:/program files/gnu tools arm embedded/4.9 2015q2/bin/../lib/gcc/arm-none-eabi/4.9.3/armv6-m\libgcc.a(_divsi3.o)
                0x08002034                __divsi3
                0x08002034                __aeabi_idiv
                0x08002200                __aeabi_idivmod
 .text          0x08002214        0x4 c:/program files/gnu tools arm embedded/4.9 2015q2/bin/../lib/gcc/arm-none-eabi/4.9.3/armv6-m\libgcc.a(_dvmd_tls.o)
                0x08002214                __aeabi_idiv0
                0x08002214                __aeabi_ldiv0
 *(.init)
 *(.fini)
 *crtbegin.o(.ctors)
 *crtbegin?.o(.ctors)
 *(EXCLUDE_FILE(*crtend.o *crtend?.o) .ctors)
 *(SORT(.ctors.*))
 *(.ctors)
 *crtbegin.o(.dtors)
 *crtbegin?.o(.dtors)
 *(EXCLUDE_FILE(*crtend.o *crtend?.o) .dtors)
 *(SORT(.dtors.*))
 *(.dtors)
 *(.rodata*)
 .rodata        0x08002218       0x2c ..\obj\fec.o
                0x08002218                u8a_generator_matrix
                0x0800221c                u16a_parity_check_matrix
                0x08002224                u16a_coset_leader_table
 *(.eh_fram e*)

.glue_7         0x08002244        0x0
 .glue_7        0x00000000        0x0 linker stubs

.glue_7t        0x08002244        0x0
 .glue_7t       0x00000000        0x0 linker stubs

.vfp11_veneer   0x08002244        0x0
 .vfp11_veneer  0x00000000        0x0 linker stubs

.v4_bx          0x08002244        0x0
 .v4_bx         0x00000000        0x0 linker stubs

.iplt           0x08002244        0x0
 .iplt          0x00000000        0x0 ..\obj\stm32f0xx_rcc.o

.rel.dyn        0x08002244        0x0
 .rel.iplt      0x00000000        0x0 ..\obj\stm32f0xx_rcc.o

.ARM.extab
 *(.ARM.extab* .gnu.linkonce.armextab.*)
                0x08002244                __exidx_start = .

.ARM.exidx
 *(.ARM.exidx* .gnu.linkonce.armexidx.*)
                0x08002244                __exidx_end = .
                0x08002244                __etext = .
                0x08002244                _sidata = __etext

.data           0x20000000       0x54 load address 0x08002244
                0x20000000                __data_start__ = .
                0x20000000                _sdata = __data_start__
 *(vtable)
 *(.data*)
 .data          0x20000000       0x10 ..\obj\stm32f0xx_rcc.o
 .data          0x20000010       0x30 ..\obj\temperature.o
                0x20000010                s16a_temp_lookup
 .data          0x20000040       0x14 ..\obj\system_stm32f0xx_temp.o
                0x20000040                AHBPrescTable
                0x20000050                SystemCoreClock
                0x20000054                . = ALIGN (0x4)
                0x20000054                PROVIDE (__preinit_array_start, .)
 *(.preinit_array)
                0x20000054                PROVIDE (__preinit_array_end, .)
                0x20000054                . = ALIGN (0x4)
                0x20000054                PROVIDE (__init_array_start, .)
 *(SORT(.init_array.*))
 *(.init_array)
                0x20000054                PROVIDE (__init_array_end, .)
                0x20000054                . = ALIGN (0x4)
                0x20000054                PROVIDE (__fini_array_start, .)
 *(SORT(.fini_array.*))
 *(.fini_array)
                0x20000054                PROVIDE (__fini_array_end, .)
 *(.jcr*)
                0x20000054                . = ALIGN (0x4)
                0x20000054                __data_end__ = .
                0x20000054                _edata = __data_end__

.igot.plt       0x20000054        0x0 load address 0x08002298
 .igot.plt      0x00000000        0x0 ..\obj\stm32f0xx_rcc.o

.bss            0x20000054      0x144 load address 0x08002298
                0x20000054                . = ALIGN (0x4)
                0x20000054                __bss_start__ = .
                0x20000054                _sbss = __bss_start__
 *(.bss*)
 .bss           0x20000054        0x6 ..\obj\fec.o
 *(COMMON)
 *fill*         0x2000005a        0x2 
 COMMON         0x2000005c      0x139 ..\obj\main.o
                0x2000005c                u16_comms_intrvl_tmr
                0x2000005e                u8_UART1_rx_rp
                0x20000060                u16a_adc_buf
                0x20000070                u8_comms_tick_f
                0x20000074                u8a_USART1_tx_buf
                0x20000174                s16_cell_temperature
                0x20000176                u8_hardware_type
                0x20000178                u16_UART1_tx_wp
                0x2000017a                u16_watchdog_word
                0x2000017c                u8a_USART1_rx_buf
                0x20000186                u8_alarm_state
                0x20000187                u8_sys_tick_f
                0x20000188                u16_mean_cell_mv
                0x2000018a                u8_sleep_not_stop
                0x2000018c                u16_cell_voltage
                0x2000018e                u8_ms_per_tick
                0x2000018f                u8_UART1_rx_wp
                0x20000190                u16_tick_cntr
                0x20000192                u8_msg_type
                0x20000193                u8_load_state
                0x20000194                u8_comms_mode
                0x20000198                . = ALIGN (0x4)
 *fill*         0x20000195        0x3 
                0x20000198                __bss_end__ = .
                0x20000198                _ebss = __bss_end__

.heap           0x20000198        0x0
                0x20000198                __end__ = .
                0x20000198                _end = __end__
                0x20000198                end = __end__
 *(.heap*)
                0x20000198                __HeapLimit = .

.co_stack       0x20000198        0x0
                0x20000198                . = ALIGN (0x8)
 *(.co_stack .co_stack.*)
                0x20001000                __StackTop = (ORIGIN (ram) + 0x1000)
                0x20001000                __StackLimit = (__StackTop - SIZEOF (.co_stack))
                0x20001000                PROVIDE (__stack, __StackTop)
                0x00000001                ASSERT ((__StackLimit >= __HeapLimit), region ram  overflowed with stack)
LOAD ..\obj\stm32f0xx_rcc.o
LOAD ..\obj\stm32f0xx_adc.o
LOAD ..\obj\fec.o
LOAD ..\obj\stm32f0xx_iwdg.o
LOAD ..\obj\temperature.o
LOAD ..\obj\main.o
LOAD ..\obj\startup_stm32f0xx.o
LOAD ..\obj\stm32f0xx_dma.o
LOAD ..\obj\stm32f0xx_i2c.o
LOAD ..\obj\system_stm32f0xx_temp.o
LOAD ..\obj\stm32f0xx_gpio.o
LOAD ..\obj\stm32f0xx_rtc.o
LOAD ..\obj\stm32f0xx_usart.o
LOAD ..\obj\stm32f0xx_tim.o
LOAD ..\obj\stm32f0xx_exti.o
LOAD ..\obj\stm32f0xx_pwr.o
LOAD ..\obj\stm32f0xx_misc.o
START GROUP
LOAD c:/program files/gnu tools arm embedded/4.9 2015q2/bin/../lib/gcc/arm-none-eabi/4.9.3/armv6-m\libgcc.a
LOAD c:/program files/gnu tools arm embedded/4.9 2015q2/bin/../lib/gcc/arm-none-eabi/4.9.3/../../../../arm-none-eabi/lib/armv6-m\libg.a
LOAD c:/program files/gnu tools arm embedded/4.9 2015q2/bin/../lib/gcc/arm-none-eabi/4.9.3/../../../../arm-none-eabi/lib/armv6-m\libc.a
END GROUP
OUTPUT(OSCTMS_v2.elf elf32-littlearm)

.debug_info     0x00000000     0x9a32
 .debug_info    0x00000000      0x9f6 ..\obj\stm32f0xx_rcc.o
 .debug_info    0x000009f6      0x8ca ..\obj\stm32f0xx_adc.o
 .debug_info    0x000012c0      0x2eb ..\obj\fec.o
 .debug_info    0x000015ab      0x211 ..\obj\stm32f0xx_iwdg.o
 .debug_info    0x000017bc      0x15b ..\obj\temperature.o
 .debug_info    0x00001917     0x280c ..\obj\main.o
 .debug_info    0x00004123       0xdf ..\obj\startup_stm32f0xx.o
 .debug_info    0x00004202      0x423 ..\obj\stm32f0xx_dma.o
 .debug_info    0x00004625      0x2d1 ..\obj\system_stm32f0xx_temp.o
 .debug_info    0x000048f6      0x6eb ..\obj\stm32f0xx_gpio.o
 .debug_info    0x00004fe1     0x104d ..\obj\stm32f0xx_rtc.o
 .debug_info    0x0000602e      0xed8 ..\obj\stm32f0xx_usart.o
 .debug_info    0x00006f06     0x209c ..\obj\stm32f0xx_tim.o
 .debug_info    0x00008fa2      0x30f ..\obj\stm32f0xx_exti.o
 .debug_info    0x000092b1      0x418 ..\obj\stm32f0xx_pwr.o
 .debug_info    0x000096c9      0x369 ..\obj\stm32f0xx_misc.o

.debug_abbrev   0x00000000     0x1986
 .debug_abbrev  0x00000000      0x22e ..\obj\stm32f0xx_rcc.o
 .debug_abbrev  0x0000022e      0x1b0 ..\obj\stm32f0xx_adc.o
 .debug_abbrev  0x000003de      0x121 ..\obj\fec.o
 .debug_abbrev  0x000004ff      0x10c ..\obj\stm32f0xx_iwdg.o
 .debug_abbrev  0x0000060b       0x92 ..\obj\temperature.o
 .debug_abbrev  0x0000069d      0x3af ..\obj\main.o
 .debug_abbrev  0x00000a4c       0x12 ..\obj\startup_stm32f0xx.o
 .debug_abbrev  0x00000a5e      0x16b ..\obj\stm32f0xx_dma.o
 .debug_abbrev  0x00000bc9      0x120 ..\obj\system_stm32f0xx_temp.o
 .debug_abbrev  0x00000ce9      0x1d2 ..\obj\stm32f0xx_gpio.o
 .debug_abbrev  0x00000ebb      0x1db ..\obj\stm32f0xx_rtc.o
 .debug_abbrev  0x00001096      0x1ba ..\obj\stm32f0xx_usart.o
 .debug_abbrev  0x00001250      0x284 ..\obj\stm32f0xx_tim.o
 .debug_abbrev  0x000014d4      0x1b0 ..\obj\stm32f0xx_exti.o
 .debug_abbrev  0x00001684      0x1b0 ..\obj\stm32f0xx_pwr.o
 .debug_abbrev  0x00001834      0x152 ..\obj\stm32f0xx_misc.o

.debug_loc      0x00000000     0x53c0
 .debug_loc     0x00000000      0x8bd ..\obj\stm32f0xx_rcc.o
 .debug_loc     0x000008bd      0x42f ..\obj\stm32f0xx_adc.o
 .debug_loc     0x00000cec      0x674 ..\obj\fec.o
 .debug_loc     0x00001360       0x62 ..\obj\stm32f0xx_iwdg.o
 .debug_loc     0x000013c2      0x120 ..\obj\temperature.o
 .debug_loc     0x000014e2      0x31d ..\obj\main.o
 .debug_loc     0x000017ff      0x145 ..\obj\stm32f0xx_dma.o
 .debug_loc     0x00001944      0x113 ..\obj\system_stm32f0xx_temp.o
 .debug_loc     0x00001a57      0x28b ..\obj\stm32f0xx_gpio.o
 .debug_loc     0x00001ce2      0xee1 ..\obj\stm32f0xx_rtc.o
 .debug_loc     0x00002bc3      0x8da ..\obj\stm32f0xx_usart.o
 .debug_loc     0x0000349d     0x1beb ..\obj\stm32f0xx_tim.o
 .debug_loc     0x00005088      0x149 ..\obj\stm32f0xx_exti.o
 .debug_loc     0x000051d1      0x17b ..\obj\stm32f0xx_pwr.o
 .debug_loc     0x0000534c       0x74 ..\obj\stm32f0xx_misc.o

.debug_aranges  0x00000000      0xbe0
 .debug_aranges
                0x00000000      0x150 ..\obj\stm32f0xx_rcc.o
 .debug_aranges
                0x00000150      0x100 ..\obj\stm32f0xx_adc.o
 .debug_aranges
                0x00000250       0x30 ..\obj\fec.o
 .debug_aranges
                0x00000280       0x50 ..\obj\stm32f0xx_iwdg.o
 .debug_aranges
                0x000002d0       0x20 ..\obj\temperature.o
 .debug_aranges
                0x000002f0       0x88 ..\obj\main.o
 .debug_aranges
                0x00000378       0x28 ..\obj\startup_stm32f0xx.o
 .debug_aranges
                0x000003a0       0x70 ..\obj\stm32f0xx_dma.o
 .debug_aranges
                0x00000410       0x30 ..\obj\system_stm32f0xx_temp.o
 .debug_aranges
                0x00000440       0x80 ..\obj\stm32f0xx_gpio.o
 .debug_aranges
                0x000004c0      0x1a0 ..\obj\stm32f0xx_rtc.o
 .debug_aranges
                0x00000660      0x1a0 ..\obj\stm32f0xx_usart.o
 .debug_aranges
                0x00000800      0x2f0 ..\obj\stm32f0xx_tim.o
 .debug_aranges
                0x00000af0       0x58 ..\obj\stm32f0xx_exti.o
 .debug_aranges
                0x00000b48       0x68 ..\obj\stm32f0xx_pwr.o
 .debug_aranges
                0x00000bb0       0x30 ..\obj\stm32f0xx_misc.o

.debug_ranges   0x00000000      0xb00
 .debug_ranges  0x00000000      0x140 ..\obj\stm32f0xx_rcc.o
 .debug_ranges  0x00000140       0xf0 ..\obj\stm32f0xx_adc.o
 .debug_ranges  0x00000230       0x20 ..\obj\fec.o
 .debug_ranges  0x00000250       0x40 ..\obj\stm32f0xx_iwdg.o
 .debug_ranges  0x00000290       0x10 ..\obj\temperature.o
 .debug_ranges  0x000002a0       0x90 ..\obj\main.o
 .debug_ranges  0x00000330       0x20 ..\obj\startup_stm32f0xx.o
 .debug_ranges  0x00000350       0x60 ..\obj\stm32f0xx_dma.o
 .debug_ranges  0x000003b0       0x20 ..\obj\system_stm32f0xx_temp.o
 .debug_ranges  0x000003d0       0x70 ..\obj\stm32f0xx_gpio.o
 .debug_ranges  0x00000440      0x190 ..\obj\stm32f0xx_rtc.o
 .debug_ranges  0x000005d0      0x190 ..\obj\stm32f0xx_usart.o
 .debug_ranges  0x00000760      0x2e0 ..\obj\stm32f0xx_tim.o
 .debug_ranges  0x00000a40       0x48 ..\obj\stm32f0xx_exti.o
 .debug_ranges  0x00000a88       0x58 ..\obj\stm32f0xx_pwr.o
 .debug_ranges  0x00000ae0       0x20 ..\obj\stm32f0xx_misc.o

.debug_line     0x00000000     0x3eb6
 .debug_line    0x00000000      0x550 ..\obj\stm32f0xx_rcc.o
 .debug_line    0x00000550      0x47d ..\obj\stm32f0xx_adc.o
 .debug_line    0x000009cd      0x26d ..\obj\fec.o
 .debug_line    0x00000c3a      0x219 ..\obj\stm32f0xx_iwdg.o
 .debug_line    0x00000e53      0x14f ..\obj\temperature.o
 .debug_line    0x00000fa2      0x608 ..\obj\main.o
 .debug_line    0x000015aa       0xc8 ..\obj\startup_stm32f0xx.o
 .debug_line    0x00001672      0x2ee ..\obj\stm32f0xx_dma.o
 .debug_line    0x00001960      0x1c4 ..\obj\system_stm32f0xx_temp.o
 .debug_line    0x00001b24      0x337 ..\obj\stm32f0xx_gpio.o
 .debug_line    0x00001e5b      0x758 ..\obj\stm32f0xx_rtc.o
 .debug_line    0x000025b3      0x61b ..\obj\stm32f0xx_usart.o
 .debug_line    0x00002bce      0xa5f ..\obj\stm32f0xx_tim.o
 .debug_line    0x0000362d      0x2a2 ..\obj\stm32f0xx_exti.o
 .debug_line    0x000038cf      0x354 ..\obj\stm32f0xx_pwr.o
 .debug_line    0x00003c23      0x293 ..\obj\stm32f0xx_misc.o

.debug_str      0x00000000     0x39f4
 .debug_str     0x00000000      0x6b0 ..\obj\stm32f0xx_rcc.o
                                0x749 (size before relaxing)
 .debug_str     0x000006b0      0x42c ..\obj\stm32f0xx_adc.o
                                0x5cd (size before relaxing)
 .debug_str     0x00000adc      0x160 ..\obj\fec.o
                                0x28f (size before relaxing)
 .debug_str     0x00000c3c      0x116 ..\obj\stm32f0xx_iwdg.o
                                0x287 (size before relaxing)
 .debug_str     0x00000d52       0xd1 ..\obj\temperature.o
                                0x208 (size before relaxing)
 .debug_str     0x00000e23      0xfe7 ..\obj\main.o
                               0x145d (size before relaxing)
 .debug_str     0x00001e0a       0xd8 ..\obj\stm32f0xx_dma.o
                                0x3b4 (size before relaxing)
 .debug_str     0x00001ee2       0xb7 ..\obj\system_stm32f0xx_temp.o
                                0x295 (size before relaxing)
 .debug_str     0x00001f99      0x14c ..\obj\stm32f0xx_gpio.o
                                0x4c5 (size before relaxing)
 .debug_str     0x000020e5      0x69d ..\obj\stm32f0xx_rtc.o
                                0x9d3 (size before relaxing)
 .debug_str     0x00002782      0x5f2 ..\obj\stm32f0xx_usart.o
                                0x9a6 (size before relaxing)
 .debug_str     0x00002d74      0x9a3 ..\obj\stm32f0xx_tim.o
                                0xe1f (size before relaxing)
 .debug_str     0x00003717       0xe3 ..\obj\stm32f0xx_exti.o
                                0x342 (size before relaxing)
 .debug_str     0x000037fa      0x134 ..\obj\stm32f0xx_pwr.o
                                0x345 (size before relaxing)
 .debug_str     0x0000392e       0xc6 ..\obj\stm32f0xx_misc.o
                                0x309 (size before relaxing)

.comment        0x00000000       0x70
 .comment       0x00000000       0x70 ..\obj\stm32f0xx_rcc.o
                                 0x71 (size before relaxing)
 .comment       0x00000000       0x71 ..\obj\stm32f0xx_adc.o
 .comment       0x00000000       0x71 ..\obj\fec.o
 .comment       0x00000000       0x71 ..\obj\stm32f0xx_iwdg.o
 .comment       0x00000000       0x71 ..\obj\temperature.o
 .comment       0x00000000       0x71 ..\obj\main.o
 .comment       0x00000000       0x71 ..\obj\stm32f0xx_dma.o
 .comment       0x00000000       0x71 ..\obj\system_stm32f0xx_temp.o
 .comment       0x00000000       0x71 ..\obj\stm32f0xx_gpio.o
 .comment       0x00000000       0x71 ..\obj\stm32f0xx_rtc.o
 .comment       0x00000000       0x71 ..\obj\stm32f0xx_usart.o
 .comment       0x00000000       0x71 ..\obj\stm32f0xx_tim.o
 .comment       0x00000000       0x71 ..\obj\stm32f0xx_exti.o
 .comment       0x00000000       0x71 ..\obj\stm32f0xx_pwr.o
 .comment       0x00000000       0x71 ..\obj\stm32f0xx_misc.o

.ARM.attributes
                0x00000000       0x2f
 .ARM.attributes
                0x00000000       0x31 ..\obj\stm32f0xx_rcc.o
 .ARM.attributes
                0x00000031       0x31 ..\obj\stm32f0xx_adc.o
 .ARM.attributes
                0x00000062       0x31 ..\obj\fec.o
 .ARM.attributes
                0x00000093       0x31 ..\obj\stm32f0xx_iwdg.o
 .ARM.attributes
                0x000000c4       0x31 ..\obj\temperature.o
 .ARM.attributes
                0x000000f5       0x31 ..\obj\main.o
 .ARM.attributes
                0x00000126       0x21 ..\obj\startup_stm32f0xx.o
 .ARM.attributes
                0x00000147       0x31 ..\obj\stm32f0xx_dma.o
 .ARM.attributes
                0x00000178       0x31 ..\obj\system_stm32f0xx_temp.o
 .ARM.attributes
                0x000001a9       0x31 ..\obj\stm32f0xx_gpio.o
 .ARM.attributes
                0x000001da       0x31 ..\obj\stm32f0xx_rtc.o
 .ARM.attributes
                0x0000020b       0x31 ..\obj\stm32f0xx_usart.o
 .ARM.attributes
                0x0000023c       0x31 ..\obj\stm32f0xx_tim.o
 .ARM.attributes
                0x0000026d       0x31 ..\obj\stm32f0xx_exti.o
 .ARM.attributes
                0x0000029e       0x31 ..\obj\stm32f0xx_pwr.o
 .ARM.attributes
                0x000002cf       0x31 ..\obj\stm32f0xx_misc.o
 .ARM.attributes
                0x00000300       0x1e c:/program files/gnu tools arm embedded/4.9 2015q2/bin/../lib/gcc/arm-none-eabi/4.9.3/armv6-m\libgcc.a(_udivsi3.o)
 .ARM.attributes
                0x0000031e       0x1e c:/program files/gnu tools arm embedded/4.9 2015q2/bin/../lib/gcc/arm-none-eabi/4.9.3/armv6-m\libgcc.a(_divsi3.o)
 .ARM.attributes
                0x0000033c       0x1e c:/program files/gnu tools arm embedded/4.9 2015q2/bin/../lib/gcc/arm-none-eabi/4.9.3/armv6-m\libgcc.a(_dvmd_tls.o)

.debug_frame    0x00000000     0x1960
 .debug_frame   0x00000000      0x2a8 ..\obj\stm32f0xx_rcc.o
 .debug_frame   0x000002a8      0x1f0 ..\obj\stm32f0xx_adc.o
 .debug_frame   0x00000498       0x88 ..\obj\fec.o
 .debug_frame   0x00000520       0x80 ..\obj\stm32f0xx_iwdg.o
 .debug_frame   0x000005a0       0x30 ..\obj\temperature.o
 .debug_frame   0x000005d0      0x198 ..\obj\main.o
 .debug_frame   0x00000768       0xc8 ..\obj\stm32f0xx_dma.o
 .debug_frame   0x00000830       0x54 ..\obj\system_stm32f0xx_temp.o
 .debug_frame   0x00000884      0x108 ..\obj\stm32f0xx_gpio.o
 .debug_frame   0x0000098c      0x410 ..\obj\stm32f0xx_rtc.o
 .debug_frame   0x00000d9c      0x354 ..\obj\stm32f0xx_usart.o
 .debug_frame   0x000010f0      0x68c ..\obj\stm32f0xx_tim.o
 .debug_frame   0x0000177c       0x98 ..\obj\stm32f0xx_exti.o
 .debug_frame   0x00001814       0xc0 ..\obj\stm32f0xx_pwr.o
 .debug_frame   0x000018d4       0x4c ..\obj\stm32f0xx_misc.o
 .debug_frame   0x00001920       0x20 c:/program files/gnu tools arm embedded/4.9 2015q2/bin/../lib/gcc/arm-none-eabi/4.9.3/armv6-m\libgcc.a(_udivsi3.o)
 .debug_frame   0x00001940       0x20 c:/program files/gnu tools arm embedded/4.9 2015q2/bin/../lib/gcc/arm-none-eabi/4.9.3/armv6-m\libgcc.a(_divsi3.o)
